// Jest Snapshot v1, https://goo.gl/fbAQLP

exports[`PhoneCallUI matches snapshot - props: {{ number: '9818163250',, }} 1`] = `
<View
  accessible={true}
  focusable={true}
  onClick={[Function]}
  onResponderGrant={[Function]}
  onResponderMove={[Function]}
  onResponderRelease={[Function]}
  onResponderTerminate={[Function]}
  onResponderTerminationRequest={[Function]}
  onStartShouldSetResponder={[Function]}
  style={
    Object {
      "flex": 1,
      "opacity": 1,
    }
  }
>
  <View />
</View>
`;
